2024-09-12T14:37:51.193Z error: Error sending data to scrape API: AxiosError: Request failed with status code 500
2024-09-13T00:08:47.728Z error: Error occurred while sending the email The "chunk" argument must be of type string or an instance of Buffer or Uint8Array. Received an instance of Object
2024-09-13T00:08:47.820Z error: Error occurred while sending the scraped data: Request failed with status code 500
2024-09-13T00:08:47.835Z error: Error sending data to scrape API: AxiosError: Request failed with status code 500
2024-09-13T00:14:07.868Z error: Error occurred while sending the email The "chunk" argument must be of type string or an instance of Buffer or Uint8Array. Received an instance of Object
2024-09-13T00:14:07.938Z error: Error occurred while sending the scraped data: Request failed with status code 500
2024-09-13T00:14:37.368Z error: Error occurred while sending the email The "chunk" argument must be of type string or an instance of Buffer or Uint8Array. Received an instance of Object
2024-09-13T00:14:37.376Z error: Error occurred while sending the scraped data: Request failed with status code 500
2024-09-13T00:20:48.787Z error: Error scraping URL https://www.ebay.com/sch/i.html?_from=R40&_nkw=ICOM+IC-703+-AT-180&_sacat=0&_udlo=100&_sop=15&rt=nc&LH_ItemCondition=4: net::ERR_CONNECTION_TIMED_OUT at https://www.ebay.com/sch/i.html?_from=R40&_nkw=ICOM+IC-703+-AT-180&_sacat=0&_udlo=100&_sop=15&rt=nc&LH_ItemCondition=4
2024-09-13T00:21:20.070Z error: Error scraping URL https://www.ebay.com/sch/i.html?_nkw=ICOM%20IC-746&_udlo=400&_saact=1&LH_AvailTo=1&_sop=15&_oac=1&rt=nc: net::ERR_CONNECTION_TIMED_OUT at https://www.ebay.com/sch/i.html?_nkw=ICOM%20IC-746&_udlo=400&_saact=1&LH_AvailTo=1&_sop=15&_oac=1&rt=nc
2024-09-13T00:21:51.502Z error: Error scraping URL https://www.ebay.com/sch/i.html?_nkw=Bang%20Olufsen%20Beoplay%20H8&_udlo=180&_saact=1&LH_AvailTo=1&_sop=15&rt=nc: net::ERR_CONNECTION_TIMED_OUT at https://www.ebay.com/sch/i.html?_nkw=Bang%20Olufsen%20Beoplay%20H8&_udlo=180&_saact=1&LH_AvailTo=1&_sop=15&rt=nc
2024-09-13T00:22:25.034Z error: Error occurred while sending the scraped data: Request failed with status code 500
2024-09-13T00:22:25.055Z error: Error sending data to scrape API: AxiosError: Request failed with status code 500
2024-09-13T00:27:31.989Z error: Error occurred while sending the email Email template did not return a string
2024-09-13T00:27:32.009Z error: Error occurred while sending the scraped data: Request failed with status code 500
2024-09-13T00:27:32.028Z error: Error sending data to scrape API: AxiosError: Request failed with status code 500
2024-09-13T00:31:58.144Z error: Error sending data to scrape API: AxiosError: Request failed with status code 500
2024-09-13T00:35:38.012Z error: Error occurred while sending the scraped data: Request failed with status code 500
2024-09-13T00:35:38.027Z error: Error sending data to scrape API: AxiosError: Request failed with status code 500
2024-09-13T00:39:12.548Z error: Error sending data to scrape API: AxiosError: Request failed with status code 500
2024-09-13T00:42:39.124Z error: Error sending data to scrape API: AxiosError: Request failed with status code 500
2024-09-13T00:47:14.844Z error: Error occurred while sending the email Can't send mail - all recipients were rejected: 554 5.7.1 Demo domains can only be used to send emails to account owners. You can only send testing emails to your own email address.
2024-09-13T00:47:14.863Z error: Error occurred while sending the scraped data: Request failed with status code 500
2024-09-13T00:47:14.873Z error: Error sending data to scrape API: AxiosError: Request failed with status code 500
2024-09-13T00:53:48.942Z error: Error occurred while sending the scraped data: Request failed with status code 500
2024-09-13T00:53:48.950Z error: Error sending data to scrape API: AxiosError: Request failed with status code 500
2024-09-13T00:56:17.107Z error: Error occurred while sending the scraped data: Request failed with status code 500
2024-09-13T00:56:17.113Z error: Error sending data to scrape API: AxiosError: Request failed with status code 500
2024-09-18T02:26:10.369Z error: Error scraping URL https://www.ebay.com/sch/i.html?_from=R40&_nkw=Mouse+Pad+Yuki+Aim+radar&_sacat=0&LH_TitleDesc=0&_udlo=20&_sop=15&LH_ItemCondition=4&rt=nc&LH_BIN=1: net::ERR_INTERNET_DISCONNECTED at https://www.ebay.com/sch/i.html?_from=R40&_nkw=Mouse+Pad+Yuki+Aim+radar&_sacat=0&LH_TitleDesc=0&_udlo=20&_sop=15&LH_ItemCondition=4&rt=nc&LH_BIN=1
2024-09-18T02:26:10.828Z error: Error scraping URL https://www.ebay.com/sch/i.html?_from=R40&_nkw=Mouse+Pad+Yuki+Aim+radar&_sacat=0&LH_TitleDesc=0&_udlo=20&_sop=15&LH_ItemCondition=4&rt=nc&LH_BIN=1: net::ERR_INTERNET_DISCONNECTED at https://www.ebay.com/sch/i.html?_from=R40&_nkw=Mouse+Pad+Yuki+Aim+radar&_sacat=0&LH_TitleDesc=0&_udlo=20&_sop=15&LH_ItemCondition=4&rt=nc&LH_BIN=1
2024-09-18T02:26:11.595Z error: Error scraping URL https://www.ebay.com/sch/i.html?_from=R40&_nkw=Mouse+Pad+Yuki+Aim+radar&_sacat=0&LH_TitleDesc=0&_udlo=20&_sop=15&LH_ItemCondition=4&rt=nc&LH_BIN=1: net::ERR_INTERNET_DISCONNECTED at https://www.ebay.com/sch/i.html?_from=R40&_nkw=Mouse+Pad+Yuki+Aim+radar&_sacat=0&LH_TitleDesc=0&_udlo=20&_sop=15&LH_ItemCondition=4&rt=nc&LH_BIN=1
2024-09-18T02:26:11.893Z error: Error scraping URL https://www.ebay.com/sch/i.html?_from=R40&_nkw=Mouse+Pad+Yuki+Aim+radar&_sacat=0&LH_TitleDesc=0&_udlo=20&_sop=15&LH_ItemCondition=4&rt=nc&LH_BIN=1: net::ERR_INTERNET_DISCONNECTED at https://www.ebay.com/sch/i.html?_from=R40&_nkw=Mouse+Pad+Yuki+Aim+radar&_sacat=0&LH_TitleDesc=0&_udlo=20&_sop=15&LH_ItemCondition=4&rt=nc&LH_BIN=1
2024-09-18T02:26:12.580Z error: Error scraping URL https://www.ebay.com/sch/i.html?_from=R40&_nkw=Mouse+Pad+Yuki+Aim+radar&_sacat=0&LH_TitleDesc=0&_udlo=20&_sop=15&LH_ItemCondition=4&rt=nc&LH_BIN=1: net::ERR_INTERNET_DISCONNECTED at https://www.ebay.com/sch/i.html?_from=R40&_nkw=Mouse+Pad+Yuki+Aim+radar&_sacat=0&LH_TitleDesc=0&_udlo=20&_sop=15&LH_ItemCondition=4&rt=nc&LH_BIN=1
2024-09-18T02:26:22.797Z error: Error scraping URL https://www.ebay.com/sch/i.html?_from=R40&_trksid=p2334524.m570.l1313&_nkw=boss+sg-1+-parts+-junk&_sacat=0&_udlo=100&LH_AvailTo=1&rt=nc&_odkw=boss+sg-1&LH_BIN=1&_sop=15&_saact=1&LH_ItemCondition=4: net::ERR_INTERNET_DISCONNECTED at https://www.ebay.com/sch/i.html?_from=R40&_trksid=p2334524.m570.l1313&_nkw=boss+sg-1+-parts+-junk&_sacat=0&_udlo=100&LH_AvailTo=1&rt=nc&_odkw=boss+sg-1&LH_BIN=1&_sop=15&_saact=1&LH_ItemCondition=4
2024-09-18T02:26:23.193Z error: Error scraping URL https://www.ebay.com/sch/i.html?_from=R40&_trksid=p2334524.m570.l1313&_nkw=boss+sg-1+-parts+-junk&_sacat=0&_udlo=100&LH_AvailTo=1&rt=nc&_odkw=boss+sg-1&LH_BIN=1&_sop=15&_saact=1&LH_ItemCondition=4: net::ERR_INTERNET_DISCONNECTED at https://www.ebay.com/sch/i.html?_from=R40&_trksid=p2334524.m570.l1313&_nkw=boss+sg-1+-parts+-junk&_sacat=0&_udlo=100&LH_AvailTo=1&rt=nc&_odkw=boss+sg-1&LH_BIN=1&_sop=15&_saact=1&LH_ItemCondition=4
2024-09-18T02:26:23.570Z error: Error scraping URL https://www.ebay.com/sch/i.html?_from=R40&_trksid=p2334524.m570.l1313&_nkw=boss+sg-1+-parts+-junk&_sacat=0&_udlo=100&LH_AvailTo=1&rt=nc&_odkw=boss+sg-1&LH_BIN=1&_sop=15&_saact=1&LH_ItemCondition=4: net::ERR_INTERNET_DISCONNECTED at https://www.ebay.com/sch/i.html?_from=R40&_trksid=p2334524.m570.l1313&_nkw=boss+sg-1+-parts+-junk&_sacat=0&_udlo=100&LH_AvailTo=1&rt=nc&_odkw=boss+sg-1&LH_BIN=1&_sop=15&_saact=1&LH_ItemCondition=4
2024-09-18T02:26:23.875Z error: Error scraping URL https://www.ebay.com/sch/i.html?_from=R40&_trksid=p2334524.m570.l1313&_nkw=boss+sg-1+-parts+-junk&_sacat=0&_udlo=100&LH_AvailTo=1&rt=nc&_odkw=boss+sg-1&LH_BIN=1&_sop=15&_saact=1&LH_ItemCondition=4: net::ERR_INTERNET_DISCONNECTED at https://www.ebay.com/sch/i.html?_from=R40&_trksid=p2334524.m570.l1313&_nkw=boss+sg-1+-parts+-junk&_sacat=0&_udlo=100&LH_AvailTo=1&rt=nc&_odkw=boss+sg-1&LH_BIN=1&_sop=15&_saact=1&LH_ItemCondition=4
2024-09-18T02:26:24.205Z error: Error scraping URL https://www.ebay.com/sch/i.html?_from=R40&_trksid=p2334524.m570.l1313&_nkw=boss+sg-1+-parts+-junk&_sacat=0&_udlo=100&LH_AvailTo=1&rt=nc&_odkw=boss+sg-1&LH_BIN=1&_sop=15&_saact=1&LH_ItemCondition=4: net::ERR_INTERNET_DISCONNECTED at https://www.ebay.com/sch/i.html?_from=R40&_trksid=p2334524.m570.l1313&_nkw=boss+sg-1+-parts+-junk&_sacat=0&_udlo=100&LH_AvailTo=1&rt=nc&_odkw=boss+sg-1&LH_BIN=1&_sop=15&_saact=1&LH_ItemCondition=4
2024-09-18T02:26:34.477Z error: Error scraping URL https://www.ebay.com/sch/i.html?_from=R40&_trksid=p2334524.m570.l1313&_nkw=Roger+Mayer+VOODOO-1+-VOODOO-BASS&_sacat=0&LH_TitleDesc=0&_udlo=100&rt=nc&_odkw=Roger+Mayer+VOODOO-1&_osacat=0&_sop=15: net::ERR_INTERNET_DISCONNECTED at https://www.ebay.com/sch/i.html?_from=R40&_trksid=p2334524.m570.l1313&_nkw=Roger+Mayer+VOODOO-1+-VOODOO-BASS&_sacat=0&LH_TitleDesc=0&_udlo=100&rt=nc&_odkw=Roger+Mayer+VOODOO-1&_osacat=0&_sop=15
2024-09-18T02:26:34.824Z error: Error scraping URL https://www.ebay.com/sch/i.html?_from=R40&_trksid=p2334524.m570.l1313&_nkw=Roger+Mayer+VOODOO-1+-VOODOO-BASS&_sacat=0&LH_TitleDesc=0&_udlo=100&rt=nc&_odkw=Roger+Mayer+VOODOO-1&_osacat=0&_sop=15: net::ERR_INTERNET_DISCONNECTED at https://www.ebay.com/sch/i.html?_from=R40&_trksid=p2334524.m570.l1313&_nkw=Roger+Mayer+VOODOO-1+-VOODOO-BASS&_sacat=0&LH_TitleDesc=0&_udlo=100&rt=nc&_odkw=Roger+Mayer+VOODOO-1&_osacat=0&_sop=15
2024-09-18T02:26:35.142Z error: Error scraping URL https://www.ebay.com/sch/i.html?_from=R40&_trksid=p2334524.m570.l1313&_nkw=Roger+Mayer+VOODOO-1+-VOODOO-BASS&_sacat=0&LH_TitleDesc=0&_udlo=100&rt=nc&_odkw=Roger+Mayer+VOODOO-1&_osacat=0&_sop=15: net::ERR_INTERNET_DISCONNECTED at https://www.ebay.com/sch/i.html?_from=R40&_trksid=p2334524.m570.l1313&_nkw=Roger+Mayer+VOODOO-1+-VOODOO-BASS&_sacat=0&LH_TitleDesc=0&_udlo=100&rt=nc&_odkw=Roger+Mayer+VOODOO-1&_osacat=0&_sop=15
2024-09-18T02:26:35.542Z error: Error scraping URL https://www.ebay.com/sch/i.html?_from=R40&_trksid=p2334524.m570.l1313&_nkw=Roger+Mayer+VOODOO-1+-VOODOO-BASS&_sacat=0&LH_TitleDesc=0&_udlo=100&rt=nc&_odkw=Roger+Mayer+VOODOO-1&_osacat=0&_sop=15: net::ERR_INTERNET_DISCONNECTED at https://www.ebay.com/sch/i.html?_from=R40&_trksid=p2334524.m570.l1313&_nkw=Roger+Mayer+VOODOO-1+-VOODOO-BASS&_sacat=0&LH_TitleDesc=0&_udlo=100&rt=nc&_odkw=Roger+Mayer+VOODOO-1&_osacat=0&_sop=15
2024-09-18T02:26:35.926Z error: Error scraping URL https://www.ebay.com/sch/i.html?_from=R40&_trksid=p2334524.m570.l1313&_nkw=Roger+Mayer+VOODOO-1+-VOODOO-BASS&_sacat=0&LH_TitleDesc=0&_udlo=100&rt=nc&_odkw=Roger+Mayer+VOODOO-1&_osacat=0&_sop=15: net::ERR_INTERNET_DISCONNECTED at https://www.ebay.com/sch/i.html?_from=R40&_trksid=p2334524.m570.l1313&_nkw=Roger+Mayer+VOODOO-1+-VOODOO-BASS&_sacat=0&LH_TitleDesc=0&_udlo=100&rt=nc&_odkw=Roger+Mayer+VOODOO-1&_osacat=0&_sop=15
2024-09-18T02:26:47.804Z error: Error occurred while sending the email getaddrinfo ENOTFOUND live.smtp.mailtrap.io
2024-09-18T02:26:47.991Z error: Error occurred while sending the scraped data: Request failed with status code 500
2024-09-18T02:26:48.056Z error: Error sending data to scrape API: AxiosError: Request failed with status code 500
2024-09-18T02:28:47.881Z error: Currency symbol not found for url: 
2024-09-18T02:28:59.984Z error: Currency symbol not found for url: 
2024-09-18T02:29:11.550Z error: Currency symbol not found for url: 
2024-09-18T02:32:11.201Z error: Currency symbol not found for url: 
2024-09-18T02:33:55.528Z error: Currency symbol not found for url: 
2024-09-18T02:37:59.012Z error: Error occurred while sending the email Can't send mail - all recipients were rejected: 554 5.7.1 Demo domains can only be used to send emails to account owners. You can only send testing emails to your own email address.
2024-09-18T02:37:59.022Z error: Error occurred while sending the scraped data: Request failed with status code 500
2024-09-18T02:37:59.029Z error: Error sending data to scrape API: AxiosError: Request failed with status code 500
2024-09-18T02:58:00.402Z error: Currency symbol not found for url: 
2024-09-18T02:58:24.796Z error: Currency symbol not found for url: 
2024-09-18T02:58:40.832Z error: Error occurred while sending the email Can't send mail - all recipients were rejected: 554 5.7.1 Demo domains can only be used to send emails to account owners. You can only send testing emails to your own email address.
2024-09-18T02:58:40.847Z error: Error occurred while sending the scraped data: Request failed with status code 500
2024-09-18T02:58:40.854Z error: Error sending data to scrape API: AxiosError: Request failed with status code 500
2024-09-18T02:59:09.806Z error: Currency symbol not found for url: 
2024-09-18T02:59:21.265Z error: Currency symbol not found for url: 
2024-09-18T02:59:32.835Z error: Currency symbol not found for url: 
2024-09-18T02:59:47.466Z error: Error occurred while sending the email Can't send mail - all recipients were rejected: 554 5.7.1 Demo domains can only be used to send emails to account owners. You can only send testing emails to your own email address.
2024-09-18T02:59:47.472Z error: Error occurred while sending the scraped data: Request failed with status code 500
2024-09-18T02:59:47.477Z error: Error sending data to scrape API: AxiosError: Request failed with status code 500
2024-09-18T06:54:42.350Z error: Currency symbol not found for url: 
2024-09-18T06:54:53.335Z error: Currency symbol not found for url: 
2024-09-18T06:55:04.183Z error: Currency symbol not found for url: 
2024-09-18T06:55:15.670Z error: Currency symbol not found for url: 
2024-09-18T06:55:27.078Z error: Currency symbol not found for url: 
2024-09-18T06:55:38.095Z error: Currency symbol not found for url: 
2024-09-18T06:55:49.742Z error: Currency symbol not found for url: 
2024-09-18T06:56:00.822Z error: Currency symbol not found for url: 
2024-09-18T06:56:11.618Z error: Currency symbol not found for url: 
2024-09-18T06:56:22.511Z error: Currency symbol not found for url: 
2024-09-18T06:56:33.426Z error: Currency symbol not found for url: 
2024-09-18T06:56:44.573Z error: Currency symbol not found for url: 
2024-09-18T06:56:56.741Z error: Error occurred while sending the email Missing credentials for "PLAIN"
2024-09-18T06:56:56.750Z error: Error occurred while sending the scraped data: Request failed with status code 500
2024-09-18T06:56:56.753Z error: Error sending data to scrape API: AxiosError: Request failed with status code 500
2024-09-18T06:59:56.132Z error: Currency symbol not found for url: 
2024-09-18T07:00:07.124Z error: Currency symbol not found for url: 
2024-09-18T07:00:18.317Z error: Currency symbol not found for url: 
2024-09-18T07:00:29.127Z error: Currency symbol not found for url: 
2024-09-18T07:00:39.938Z error: Currency symbol not found for url: 
2024-09-18T07:01:02.689Z error: Currency symbol not found for url: 
2024-09-18T07:01:13.696Z error: Currency symbol not found for url: 
2024-09-18T07:01:24.512Z error: Currency symbol not found for url: 
2024-09-18T07:01:35.416Z error: Currency symbol not found for url: 
2024-09-18T07:01:46.330Z error: Currency symbol not found for url: 
2024-09-18T07:01:57.269Z error: Currency symbol not found for url: 
2024-09-18T07:02:09.388Z error: Error occurred while sending the email Missing credentials for "PLAIN"
2024-09-18T07:02:09.396Z error: Error occurred while sending the scraped data: Request failed with status code 500
2024-09-18T07:02:09.399Z error: Error sending data to scrape API: AxiosError: Request failed with status code 500
2024-09-19T00:40:06.884Z error: Currency symbol not found for url: 
2024-09-19T00:40:17.831Z error: Currency symbol not found for url: 
2024-09-19T00:40:28.842Z error: Currency symbol not found for url: 
2024-09-19T00:40:39.966Z error: Currency symbol not found for url: 
2024-09-19T00:40:50.979Z error: Currency symbol not found for url: 
2024-09-19T00:41:02.142Z error: Currency symbol not found for url: 
2024-09-19T00:41:13.685Z error: Currency symbol not found for url: 
2024-09-19T00:41:24.723Z error: Currency symbol not found for url: 
2024-09-19T00:41:35.543Z error: Currency symbol not found for url: 
2024-09-19T00:41:46.640Z error: Currency symbol not found for url: 
2024-09-19T00:41:57.559Z error: Currency symbol not found for url: 
2024-09-19T00:42:08.608Z error: Currency symbol not found for url: 
2024-09-26T22:20:41.120Z error: Currency symbol not found for url: "https://www.ebay.com/sch/i.html?_from=R40&_nkw=Mouse+Pad+Yuki+Aim+radar&_sacat=0&LH_TitleDesc=0&_udlo=20&_sop=15&LH_ItemCondition=4&rt=nc&LH_BIN=1", resorting to fallback value 'USD'
2024-09-26T22:20:50.535Z error: Currency symbol not found for url: "https://www.ebay.com/sch/i.html?_from=R40&_trksid=p2334524.m570.l1313&_nkw=boss+sg-1+-parts+-junk&_sacat=0&_udlo=100&LH_AvailTo=1&rt=nc&_odkw=boss+sg-1&LH_BIN=1&_sop=15&_saact=1&LH_ItemCondition=4", resorting to fallback value 'USD'
2024-09-26T22:20:58.495Z error: Currency symbol not found for url: "https://www.ebay.com/sch/i.html?_from=R40&_nkw=Mouse+Pad+Yuki+Aim+radar&_sacat=0&LH_TitleDesc=0&_udlo=20&_sop=15&LH_ItemCondition=4&rt=nc&LH_BIN=1", resorting to fallback value 'USD'
2024-09-26T22:21:07.451Z error: Currency symbol not found for url: "https://www.ebay.com/sch/i.html?_from=R40&_nkw=XDP-100R&_sacat=0&LH_TitleDesc=0&_udlo=100&_sop=15&LH_BIN=1&rt=nc&LH_ItemCondition=4", resorting to fallback value 'USD'
2024-09-26T22:21:08.475Z error: Currency symbol not found for url: "https://www.ebay.com/sch/i.html?_from=R40&_trksid=p2334524.m570.l1313&_nkw=boss+sg-1+-parts+-junk&_sacat=0&_udlo=100&LH_AvailTo=1&rt=nc&_odkw=boss+sg-1&LH_BIN=1&_sop=15&_saact=1&LH_ItemCondition=4", resorting to fallback value 'USD'
2024-09-26T22:21:15.387Z error: Currency symbol not found for url: "https://www.ebay.com/sch/i.html?_from=R40&_trksid=p2334524.m570.l1313&_nkw=Roger+Mayer+VOODOO-1+-VOODOO-BASS&_sacat=0&LH_TitleDesc=0&_udlo=100&rt=nc&_odkw=Roger+Mayer+VOODOO-1&_osacat=0&_sop=15", resorting to fallback value 'USD'
2024-09-26T22:21:17.493Z error: Currency symbol not found for url: "https://www.ebay.com/sch/i.html?_from=R40&_nkw=GV-D200&_sacat=0&_sop=15&_udlo=300&rt=nc", resorting to fallback value 'USD'
2024-09-26T22:21:25.359Z error: Currency symbol not found for url: "https://www.ebay.com/sch/i.html?_nkw=Yamaha+QY700&_udlo=200&_saact=1&LH_AvailTo=1&_sop=15&_oac=1", resorting to fallback value 'USD'
2024-09-26T22:21:28.895Z error: Currency symbol not found for url: "https://www.ebay.com/sch/i.html?_from=R40&_nkw=XDP-100R&_sacat=0&LH_TitleDesc=0&_udlo=100&_sop=15&LH_BIN=1&rt=nc&LH_ItemCondition=4", resorting to fallback value 'USD'
2024-09-26T22:21:33.116Z error: Currency symbol not found for url: "https://www.ebay.com/sch/i.html?_from=R40&_nkw=GV-D200&_sacat=0&_sop=15&_udlo=300&rt=nc", resorting to fallback value 'USD'
2024-09-26T22:21:41.788Z error: Currency symbol not found for url: "https://www.ebay.com/sch/i.html?_nkw=Yamaha+QY700&_udlo=200&_saact=1&LH_AvailTo=1&_sop=15&_oac=1", resorting to fallback value 'USD'
2024-09-26T22:28:51.628Z error: Currency symbol not found for url: "https://www.ebay.com/sch/i.html?_from=R40&_nkw=Mouse+Pad+Yuki+Aim+radar&_sacat=0&LH_TitleDesc=0&_udlo=20&_sop=15&LH_ItemCondition=4&rt=nc&LH_BIN=1", resorting to fallback value 'USD'
2024-09-26T22:28:56.667Z error: Currency symbol not found for url: "https://www.ebay.com/sch/i.html?_from=R40&_trksid=p2334524.m570.l1313&_nkw=boss+sg-1+-parts+-junk&_sacat=0&_udlo=100&LH_AvailTo=1&rt=nc&_odkw=boss+sg-1&LH_BIN=1&_sop=15&_saact=1&LH_ItemCondition=4", resorting to fallback value 'USD'
2024-09-26T22:29:12.240Z error: Currency symbol not found for url: "https://www.ebay.com/sch/i.html?_from=R40&_nkw=XDP-100R&_sacat=0&LH_TitleDesc=0&_udlo=100&_sop=15&LH_BIN=1&rt=nc&LH_ItemCondition=4", resorting to fallback value 'USD'
2024-09-26T22:29:14.241Z error: Currency symbol not found for url: "https://www.ebay.com/sch/i.html?_from=R40&_nkw=GV-D200&_sacat=0&_sop=15&_udlo=300&rt=nc", resorting to fallback value 'USD'
2024-09-26T22:29:22.087Z error: Currency symbol not found for url: "https://www.ebay.com/sch/i.html?_nkw=Yamaha+QY700&_udlo=200&_saact=1&LH_AvailTo=1&_sop=15&_oac=1", resorting to fallback value 'USD'
2024-09-26T22:31:25.423Z error: Currency symbol not found for url: "https://www.ebay.com/sch/i.html?_from=R40&_trksid=p2334524.m570.l1313&_nkw=boss+sg-1+-parts+-junk&_sacat=0&_udlo=100&LH_AvailTo=1&rt=nc&_odkw=boss+sg-1&LH_BIN=1&_sop=15&_saact=1&LH_ItemCondition=4", resorting to fallback value 'USD'
2024-09-26T22:31:35.751Z error: Currency symbol not found for url: "https://www.ebay.com/sch/i.html?_from=R40&_trksid=p2334524.m570.l1313&_nkw=Roger+Mayer+VOODOO-1+-VOODOO-BASS&_sacat=0&LH_TitleDesc=0&_udlo=100&rt=nc&_odkw=Roger+Mayer+VOODOO-1&_osacat=0&_sop=15", resorting to fallback value 'USD'
2024-09-26T22:31:50.328Z error: Currency symbol not found for url: "https://www.ebay.com/sch/i.html?_from=R40&_nkw=XDP-100R&_sacat=0&LH_TitleDesc=0&_udlo=100&_sop=15&LH_BIN=1&rt=nc&LH_ItemCondition=4", resorting to fallback value 'USD'
2024-09-26T22:32:01.988Z error: Currency symbol not found for url: "https://www.ebay.com/sch/i.html?_from=R40&_nkw=GV-D200&_sacat=0&_sop=15&_udlo=300&rt=nc", resorting to fallback value 'USD'
2024-09-26T22:32:15.546Z error: Currency symbol not found for url: "https://www.ebay.com/sch/i.html?_nkw=Yamaha+QY700&_udlo=200&_saact=1&LH_AvailTo=1&_sop=15&_oac=1", resorting to fallback value 'USD'
2024-09-26T22:32:56.843Z error: Currency symbol not found for url: "https://www.ebay.com/sch/i.html?_from=R40&_nkw=Mouse+Pad+Yuki+Aim+radar&_sacat=0&LH_TitleDesc=0&_udlo=20&_sop=15&LH_ItemCondition=4&rt=nc&LH_BIN=1", resorting to fallback value 'USD'
2024-09-26T22:33:04.945Z error: Currency symbol not found for url: "https://www.ebay.com/sch/i.html?_from=R40&_trksid=p2334524.m570.l1313&_nkw=boss+sg-1+-parts+-junk&_sacat=0&_udlo=100&LH_AvailTo=1&rt=nc&_odkw=boss+sg-1&LH_BIN=1&_sop=15&_saact=1&LH_ItemCondition=4", resorting to fallback value 'USD'
2024-09-26T22:33:17.611Z error: Currency symbol not found for url: "https://www.ebay.com/sch/i.html?_from=R40&_nkw=XDP-100R&_sacat=0&LH_TitleDesc=0&_udlo=100&_sop=15&LH_BIN=1&rt=nc&LH_ItemCondition=4", resorting to fallback value 'USD'
2024-09-26T22:33:29.480Z error: Currency symbol not found for url: "https://www.ebay.com/sch/i.html?_from=R40&_nkw=GV-D200&_sacat=0&_sop=15&_udlo=300&rt=nc", resorting to fallback value 'USD'
2024-09-26T22:33:37.403Z error: Currency symbol not found for url: "https://www.ebay.com/sch/i.html?_nkw=Yamaha+QY700&_udlo=200&_saact=1&LH_AvailTo=1&_sop=15&_oac=1", resorting to fallback value 'USD'
2024-09-27T00:53:53.395Z error: Currency symbol not found for url: "https://www.ebay.com/sch/i.html?_from=R40&_nkw=Mouse+Pad+Yuki+Aim+radar&_sacat=0&LH_TitleDesc=0&_udlo=20&_sop=15&LH_ItemCondition=4&rt=nc&LH_BIN=1", resorting to fallback value 'USD'
2024-09-27T00:53:58.128Z error: Currency symbol not found for url: "https://www.ebay.com/sch/i.html?_from=R40&_trksid=p2334524.m570.l1313&_nkw=boss+sg-1+-parts+-junk&_sacat=0&_udlo=100&LH_AvailTo=1&rt=nc&_odkw=boss+sg-1&LH_BIN=1&_sop=15&_saact=1&LH_ItemCondition=4", resorting to fallback value 'USD'
2024-09-27T00:54:01.424Z error: Currency symbol not found for url: "https://www.ebay.com/sch/i.html?_from=R40&_trksid=p2334524.m570.l1313&_nkw=Roger+Mayer+VOODOO-1+-VOODOO-BASS&_sacat=0&LH_TitleDesc=0&_udlo=100&rt=nc&_odkw=Roger+Mayer+VOODOO-1&_osacat=0&_sop=15", resorting to fallback value 'USD'
2024-09-27T00:54:16.835Z error: Currency symbol not found for url: "https://www.ebay.com/sch/i.html?_from=R40&_nkw=XDP-100R&_sacat=0&LH_TitleDesc=0&_udlo=100&_sop=15&LH_BIN=1&rt=nc&LH_ItemCondition=4", resorting to fallback value 'USD'
2024-09-27T00:54:23.445Z error: Currency symbol not found for url: "https://www.ebay.com/sch/i.html?_from=R40&_nkw=GV-D200&_sacat=0&_sop=15&_udlo=300&rt=nc", resorting to fallback value 'USD'
2024-09-27T00:54:32.812Z error: Currency symbol not found for url: "https://www.ebay.com/sch/i.html?_nkw=Yamaha+QY700&_udlo=200&_saact=1&LH_AvailTo=1&_sop=15&_oac=1", resorting to fallback value 'USD'
2024-09-27T00:54:43.014Z error: Error occurred while sending the email Can't send mail - all recipients were rejected: 554 5.7.1 Demo domains can only be used to send emails to account owners. You can only send testing emails to your own email address.
2024-09-27T00:54:43.018Z error: Error occurred while sending the scraped data: Request failed with status code 500
2024-09-27T00:54:43.020Z error: Error sending data to scrape API: AxiosError: Request failed with status code 500
2024-09-27T00:56:57.778Z error: Currency symbol not found for url: "https://www.ebay.com/sch/i.html?_from=R40&_nkw=Mouse+Pad+Yuki+Aim+radar&_sacat=0&LH_TitleDesc=0&_udlo=20&_sop=15&LH_ItemCondition=4&rt=nc&LH_BIN=1", resorting to fallback value 'USD'
2024-09-27T00:57:01.875Z error: Currency symbol not found for url: "https://www.ebay.com/sch/i.html?_from=R40&_trksid=p2334524.m570.l1313&_nkw=boss+sg-1+-parts+-junk&_sacat=0&_udlo=100&LH_AvailTo=1&rt=nc&_odkw=boss+sg-1&LH_BIN=1&_sop=15&_saact=1&LH_ItemCondition=4", resorting to fallback value 'USD'
2024-09-27T00:57:12.499Z error: Currency symbol not found for url: "https://www.ebay.com/sch/i.html?_from=R40&_trksid=p2334524.m570.l1313&_nkw=Roger+Mayer+VOODOO-1+-VOODOO-BASS&_sacat=0&LH_TitleDesc=0&_udlo=100&rt=nc&_odkw=Roger+Mayer+VOODOO-1&_osacat=0&_sop=15", resorting to fallback value 'USD'
2024-09-27T00:57:19.928Z error: Currency symbol not found for url: "https://www.ebay.com/sch/i.html?_from=R40&_nkw=XDP-100R&_sacat=0&LH_TitleDesc=0&_udlo=100&_sop=15&LH_BIN=1&rt=nc&LH_ItemCondition=4", resorting to fallback value 'USD'
2024-09-27T00:57:28.347Z error: Currency symbol not found for url: "https://www.ebay.com/sch/i.html?_from=R40&_nkw=GV-D200&_sacat=0&_sop=15&_udlo=300&rt=nc", resorting to fallback value 'USD'
2024-09-27T00:57:41.850Z error: Currency symbol not found for url: "https://www.ebay.com/sch/i.html?_nkw=Yamaha+QY700&_udlo=200&_saact=1&LH_AvailTo=1&_sop=15&_oac=1", resorting to fallback value 'USD'
2024-09-27T00:58:00.319Z error: Error occurred while sending the email Can't send mail - all recipients were rejected: 554 5.7.1 Demo domains can only be used to send emails to account owners. You can only send testing emails to your own email address.
2024-09-27T00:58:00.324Z error: Error occurred while sending the scraped data: Request failed with status code 500
2024-09-27T00:58:00.327Z error: Error sending data to scrape API: AxiosError: Request failed with status code 500
2024-09-27T02:26:55.486Z error: Currency symbol not found for url: "https://www.ebay.com/sch/i.html?_from=R40&_nkw=Mouse+Pad+Yuki+Aim+radar&_sacat=0&LH_TitleDesc=0&_udlo=20&_sop=15&LH_ItemCondition=4&rt=nc&LH_BIN=1", resorting to fallback value 'USD'
2024-09-27T02:26:59.279Z error: Currency symbol not found for url: "https://www.ebay.com/sch/i.html?_from=R40&_trksid=p2334524.m570.l1313&_nkw=boss+sg-1+-parts+-junk&_sacat=0&_udlo=100&LH_AvailTo=1&rt=nc&_odkw=boss+sg-1&LH_BIN=1&_sop=15&_saact=1&LH_ItemCondition=4", resorting to fallback value 'USD'
2024-09-27T02:27:02.721Z error: Currency symbol not found for url: "https://www.ebay.com/sch/i.html?_from=R40&_trksid=p2334524.m570.l1313&_nkw=Roger+Mayer+VOODOO-1+-VOODOO-BASS&_sacat=0&LH_TitleDesc=0&_udlo=100&rt=nc&_odkw=Roger+Mayer+VOODOO-1&_osacat=0&_sop=15", resorting to fallback value 'USD'
2024-09-27T02:27:07.331Z error: Currency symbol not found for url: "https://www.ebay.com/sch/i.html?_from=R40&_nkw=XDP-100R&_sacat=0&LH_TitleDesc=0&_udlo=100&_sop=15&LH_BIN=1&rt=nc&LH_ItemCondition=4", resorting to fallback value 'USD'
2024-09-27T02:27:19.791Z error: Currency symbol not found for url: "https://www.ebay.com/sch/i.html?_from=R40&_nkw=GV-D200&_sacat=0&_sop=15&_udlo=300&rt=nc", resorting to fallback value 'USD'
2024-09-27T02:27:27.988Z error: Currency symbol not found for url: "https://www.ebay.com/sch/i.html?_nkw=Yamaha+QY700&_udlo=200&_saact=1&LH_AvailTo=1&_sop=15&_oac=1", resorting to fallback value 'USD'
2024-09-27T02:27:40.337Z error: Error occurred while sending the email Can't send mail - all recipients were rejected: 554 5.7.1 Demo domains can only be used to send emails to account owners. You can only send testing emails to your own email address.
2024-09-27T02:27:40.343Z error: Error occurred while sending the scraped data: Request failed with status code 500
2024-09-27T02:27:40.347Z error: Error sending data to scrape API: AxiosError: Request failed with status code 500
2024-09-27T02:32:22.889Z error: Error occurred while sending the email Can't send mail - all recipients were rejected: 554 5.7.1 Demo domains can only be used to send emails to account owners. You can only send testing emails to your own email address.
2024-09-27T02:32:22.893Z error: Error occurred while sending the scraped data: Request failed with status code 500
2024-09-27T02:32:22.898Z error: Error sending data to scrape API: AxiosError: Request failed with status code 500
2024-09-27T02:34:14.068Z error: Error occurred while sending the email Can't send mail - all recipients were rejected: 554 5.7.1 Demo domains can only be used to send emails to account owners. You can only send testing emails to your own email address.
2024-09-27T02:34:14.072Z error: Error occurred while sending the scraped data: Request failed with status code 500
2024-09-27T02:34:14.073Z error: Error sending data to scrape API: AxiosError: Request failed with status code 500
2024-09-27T03:19:02.600Z error: Error occurred while sending the email Can't send mail - all recipients were rejected: 554 5.7.1 Demo domains can only be used to send emails to account owners. You can only send testing emails to your own email address.
2024-09-27T03:19:02.604Z error: Error occurred while sending the scraped data: Request failed with status code 500
2024-09-27T03:19:02.607Z error: Error sending data to scrape API: AxiosError: Request failed with status code 500
2024-09-27T03:35:21.816Z error: Currency symbol not found for url: "https://www.ebay.com/sch/i.html?_from=R40&_nkw=Mouse+Pad+Yuki+Aim+radar&_sacat=0&LH_TitleDesc=0&_udlo=20&_sop=15&LH_ItemCondition=4&rt=nc&LH_BIN=1", resorting to fallback value 'USD'
