2024-09-12T14:35:48.090Z info: Received upload request...
2024-09-12T14:35:48.135Z info: Request validated, proceeding with file processing...
2024-09-12T14:35:48.140Z info: Saved CSV file to C:\Users\user\builds\business\upwork\yoshi\ebay-rank-checker\uploads\Copy of Examples for I_O - eBay Rank Checker - Input.csv
2024-09-12T14:35:48.145Z info: Sending file path, email, and store name to api/v1/scrape...
2024-09-12T14:37:51.193Z error: Error sending data to scrape API: AxiosError: Request failed with status code 500
2024-09-13T00:06:50.474Z info: Received upload request...
2024-09-13T00:06:50.488Z info: Request validated, proceeding with file processing...
2024-09-13T00:06:50.491Z info: Saved CSV file to C:\Users\user\builds\business\upwork\yoshi\ebay-rank-checker\uploads\Copy of Examples for I_O - eBay Rank Checker - Input.csv
2024-09-13T00:06:50.493Z info: Sending file path, email, and store name to api/v1/scrape...
2024-09-13T00:07:27.568Z info: Recieved a sraping request...
2024-09-13T00:07:27.620Z info: Scraping using the proxy server: http://1dfb7d786e984316befd2ca4c014e72439151076a05:render=false&super=true&geoCode=us@proxy.scrape.do:8080
2024-09-13T00:07:46.041Z info: Recieved a scraping request, proceeding...
2024-09-13T00:07:46.804Z info: Scraping ebay URL: https://www.ebay.com/sch/i.html?_from=R40&_nkw=YAESU+FT-991A&_udlo=100&_sop=15&_oac=1&rt=nc&LH_ItemCondition=4
2024-09-13T00:07:51.918Z info: Found the rank of chubasco45  for the product YAESU FT-991A at rank=0
2024-09-13T00:07:52.118Z info: Found the currnecy code of the product "YAESU FT-991A" to be CURRENCY= "USD",converted to => CURRENCY_CODE= "USD"
2024-09-13T00:07:52.208Z info: Finished scraping URL= https://www.ebay.com/sch/i.html?_from=R40&_nkw=YAESU+FT-991A&_udlo=100&_sop=15&_oac=1&rt=nc&LH_ItemCondition=4 found rank=0, CURRENCY_CODE=USD
2024-09-13T00:08:02.209Z info: Recieved a scraping request, proceeding...
2024-09-13T00:08:02.379Z info: Scraping ebay URL: https://www.ebay.com/sch/i.html?_from=R40&_nkw=ICOM+IC-703+-AT-180&_sacat=0&_udlo=100&_sop=15&rt=nc&LH_ItemCondition=4
2024-09-13T00:08:03.808Z info: Found the rank of chubasco45  for the product ICOM IC-703 - full set at rank=0
2024-09-13T00:08:03.817Z info: Found the currnecy code of the product "ICOM IC-703 - full set" to be CURRENCY= "USD",converted to => CURRENCY_CODE= "USD"
2024-09-13T00:08:03.855Z info: Finished scraping URL= https://www.ebay.com/sch/i.html?_from=R40&_nkw=ICOM+IC-703+-AT-180&_sacat=0&_udlo=100&_sop=15&rt=nc&LH_ItemCondition=4 found rank=0, CURRENCY_CODE=USD
2024-09-13T00:08:13.868Z info: Recieved a scraping request, proceeding...
2024-09-13T00:08:13.991Z info: Scraping ebay URL: https://www.ebay.com/sch/i.html?_nkw=ICOM%20IC-746&_udlo=400&_saact=1&LH_AvailTo=1&_sop=15&_oac=1&rt=nc
2024-09-13T00:08:15.536Z info: Found the rank of chubasco45  for the product ICOM IC-746 at rank=0
2024-09-13T00:08:15.549Z info: Found the currnecy code of the product "ICOM IC-746" to be CURRENCY= "USD",converted to => CURRENCY_CODE= "USD"
2024-09-13T00:08:15.587Z info: Finished scraping URL= https://www.ebay.com/sch/i.html?_nkw=ICOM%20IC-746&_udlo=400&_saact=1&LH_AvailTo=1&_sop=15&_oac=1&rt=nc found rank=0, CURRENCY_CODE=USD
2024-09-13T00:08:25.601Z info: Recieved a scraping request, proceeding...
2024-09-13T00:08:25.736Z info: Scraping ebay URL: https://www.ebay.com/sch/i.html?_nkw=Bang%20Olufsen%20Beoplay%20H8&_udlo=180&_saact=1&LH_AvailTo=1&_sop=15&rt=nc
2024-09-13T00:08:30.002Z info: Found the rank of chubasco45  for the product Bang Olufsen Beoplay H8 at rank=0
2024-09-13T00:08:30.019Z info: Found the currnecy code of the product "Bang Olufsen Beoplay H8" to be CURRENCY= "$",converted to => CURRENCY_CODE= "USD"
2024-09-13T00:08:30.091Z info: Finished scraping URL= https://www.ebay.com/sch/i.html?_nkw=Bang%20Olufsen%20Beoplay%20H8&_udlo=180&_saact=1&LH_AvailTo=1&_sop=15&rt=nc found rank=0, CURRENCY_CODE=USD
2024-09-13T00:08:41.202Z info: Scraped data has been perssited locally
2024-09-13T00:08:41.203Z info: Sending the scraped data to the api/v1/send endpoint...
2024-09-13T00:08:43.631Z info: Preparing CSV from the provided data...
2024-09-13T00:08:43.636Z info: CSV file written to C:\Users\user\AppData\Local\Temp\data-1726186123634.csv
2024-09-13T00:08:47.728Z error: Error occurred while sending the email The "chunk" argument must be of type string or an instance of Buffer or Uint8Array. Received an instance of Object
2024-09-13T00:08:47.820Z error: Error occurred while sending the scraped data: Request failed with status code 500
2024-09-13T00:08:47.835Z error: Error sending data to scrape API: AxiosError: Request failed with status code 500
2024-09-13T00:13:01.226Z info: Recieved a sraping request...
2024-09-13T00:13:01.246Z info: Scraping using the proxy server: http://1dfb7d786e984316befd2ca4c014e72439151076a05:render=false&super=true&geoCode=us@proxy.scrape.do:8080
2024-09-13T00:13:02.151Z info: Recieved a scraping request, proceeding...
2024-09-13T00:13:02.951Z info: Scraping ebay URL: https://www.ebay.com/sch/i.html?_from=R40&_nkw=YAESU+FT-991A&_udlo=100&_sop=15&_oac=1&rt=nc&LH_ItemCondition=4
2024-09-13T00:13:15.425Z info: Found the rank of chubasco45  for the product YAESU FT-991A at rank=0
2024-09-13T00:13:15.434Z info: Found the currnecy code of the product "YAESU FT-991A" to be CURRENCY= "USD",converted to => CURRENCY_CODE= "USD"
2024-09-13T00:13:15.483Z info: Finished scraping URL= https://www.ebay.com/sch/i.html?_from=R40&_nkw=YAESU+FT-991A&_udlo=100&_sop=15&_oac=1&rt=nc&LH_ItemCondition=4 found rank=0, CURRENCY_CODE=USD
2024-09-13T00:13:25.497Z info: Recieved a scraping request, proceeding...
2024-09-13T00:13:25.657Z info: Scraping ebay URL: https://www.ebay.com/sch/i.html?_from=R40&_nkw=ICOM+IC-703+-AT-180&_sacat=0&_udlo=100&_sop=15&rt=nc&LH_ItemCondition=4
2024-09-13T00:13:27.109Z info: Found the rank of chubasco45  for the product ICOM IC-703 - full set at rank=0
2024-09-13T00:13:27.120Z info: Found the currnecy code of the product "ICOM IC-703 - full set" to be CURRENCY= "USD",converted to => CURRENCY_CODE= "USD"
2024-09-13T00:13:27.158Z info: Finished scraping URL= https://www.ebay.com/sch/i.html?_from=R40&_nkw=ICOM+IC-703+-AT-180&_sacat=0&_udlo=100&_sop=15&rt=nc&LH_ItemCondition=4 found rank=0, CURRENCY_CODE=USD
2024-09-13T00:13:36.165Z info: Recieved a sraping request...
2024-09-13T00:13:36.176Z info: Scraping using the proxy server: http://1dfb7d786e984316befd2ca4c014e72439151076a05:render=false&super=true&geoCode=us@proxy.scrape.do:8080
2024-09-13T00:13:37.169Z info: Recieved a scraping request, proceeding...
2024-09-13T00:13:37.314Z info: Scraping ebay URL: https://www.ebay.com/sch/i.html?_nkw=ICOM%20IC-746&_udlo=400&_saact=1&LH_AvailTo=1&_sop=15&_oac=1&rt=nc
2024-09-13T00:13:37.960Z info: Recieved a scraping request, proceeding...
2024-09-13T00:13:38.862Z info: Scraping ebay URL: https://www.ebay.com/sch/i.html?_from=R40&_nkw=YAESU+FT-991A&_udlo=100&_sop=15&_oac=1&rt=nc&LH_ItemCondition=4
2024-09-13T00:13:40.370Z info: Found the rank of chubasco45  for the product ICOM IC-746 at rank=0
2024-09-13T00:13:40.381Z info: Found the currnecy code of the product "ICOM IC-746" to be CURRENCY= "USD",converted to => CURRENCY_CODE= "USD"
2024-09-13T00:13:40.442Z info: Finished scraping URL= https://www.ebay.com/sch/i.html?_nkw=ICOM%20IC-746&_udlo=400&_saact=1&LH_AvailTo=1&_sop=15&_oac=1&rt=nc found rank=0, CURRENCY_CODE=USD
2024-09-13T00:13:47.039Z info: Found the rank of chubasco45  for the product YAESU FT-991A at rank=0
2024-09-13T00:13:47.055Z info: Found the currnecy code of the product "YAESU FT-991A" to be CURRENCY= "$",converted to => CURRENCY_CODE= "USD"
2024-09-13T00:13:47.281Z info: Finished scraping URL= https://www.ebay.com/sch/i.html?_from=R40&_nkw=YAESU+FT-991A&_udlo=100&_sop=15&_oac=1&rt=nc&LH_ItemCondition=4 found rank=0, CURRENCY_CODE=USD
2024-09-13T00:13:50.469Z info: Recieved a scraping request, proceeding...
2024-09-13T00:13:50.702Z info: Scraping ebay URL: https://www.ebay.com/sch/i.html?_nkw=Bang%20Olufsen%20Beoplay%20H8&_udlo=180&_saact=1&LH_AvailTo=1&_sop=15&rt=nc
2024-09-13T00:13:52.189Z info: Found the rank of chubasco45  for the product Bang Olufsen Beoplay H8 at rank=0
2024-09-13T00:13:52.237Z info: Found the currnecy code of the product "Bang Olufsen Beoplay H8" to be CURRENCY= "USD",converted to => CURRENCY_CODE= "USD"
2024-09-13T00:13:52.313Z info: Finished scraping URL= https://www.ebay.com/sch/i.html?_nkw=Bang%20Olufsen%20Beoplay%20H8&_udlo=180&_saact=1&LH_AvailTo=1&_sop=15&rt=nc found rank=0, CURRENCY_CODE=USD
2024-09-13T00:13:57.289Z info: Recieved a scraping request, proceeding...
2024-09-13T00:13:57.436Z info: Scraping ebay URL: https://www.ebay.com/sch/i.html?_from=R40&_nkw=ICOM+IC-703+-AT-180&_sacat=0&_udlo=100&_sop=15&rt=nc&LH_ItemCondition=4
2024-09-13T00:13:59.039Z info: Found the rank of chubasco45  for the product ICOM IC-703 - full set at rank=0
2024-09-13T00:13:59.079Z info: Found the currnecy code of the product "ICOM IC-703 - full set" to be CURRENCY= "USD",converted to => CURRENCY_CODE= "USD"
2024-09-13T00:13:59.121Z info: Finished scraping URL= https://www.ebay.com/sch/i.html?_from=R40&_nkw=ICOM+IC-703+-AT-180&_sacat=0&_udlo=100&_sop=15&rt=nc&LH_ItemCondition=4 found rank=0, CURRENCY_CODE=USD
2024-09-13T00:14:03.576Z info: Scraped data has been perssited locally
2024-09-13T00:14:03.581Z info: Sending the scraped data to the api/v1/send endpoint...
2024-09-13T00:14:04.656Z info: Preparing CSV from the provided data...
2024-09-13T00:14:04.709Z info: CSV file written to C:\Users\user\AppData\Local\Temp\data-1726186444659.csv
2024-09-13T00:14:07.868Z error: Error occurred while sending the email The "chunk" argument must be of type string or an instance of Buffer or Uint8Array. Received an instance of Object
2024-09-13T00:14:07.938Z error: Error occurred while sending the scraped data: Request failed with status code 500
2024-09-13T00:14:09.135Z info: Recieved a scraping request, proceeding...
2024-09-13T00:14:09.485Z info: Scraping ebay URL: https://www.ebay.com/sch/i.html?_nkw=ICOM%20IC-746&_udlo=400&_saact=1&LH_AvailTo=1&_sop=15&_oac=1&rt=nc
2024-09-13T00:14:10.786Z info: Found the rank of chubasco45  for the product ICOM IC-746 at rank=0
2024-09-13T00:14:10.801Z info: Found the currnecy code of the product "ICOM IC-746" to be CURRENCY= "USD",converted to => CURRENCY_CODE= "USD"
2024-09-13T00:14:10.852Z info: Finished scraping URL= https://www.ebay.com/sch/i.html?_nkw=ICOM%20IC-746&_udlo=400&_saact=1&LH_AvailTo=1&_sop=15&_oac=1&rt=nc found rank=0, CURRENCY_CODE=USD
2024-09-13T00:14:20.853Z info: Recieved a scraping request, proceeding...
2024-09-13T00:14:21.366Z info: Scraping ebay URL: https://www.ebay.com/sch/i.html?_nkw=Bang%20Olufsen%20Beoplay%20H8&_udlo=180&_saact=1&LH_AvailTo=1&_sop=15&rt=nc
2024-09-13T00:14:23.513Z info: Found the rank of chubasco45  for the product Bang Olufsen Beoplay H8 at rank=0
2024-09-13T00:14:23.563Z info: Found the currnecy code of the product "Bang Olufsen Beoplay H8" to be CURRENCY= "$",converted to => CURRENCY_CODE= "USD"
2024-09-13T00:14:23.685Z info: Finished scraping URL= https://www.ebay.com/sch/i.html?_nkw=Bang%20Olufsen%20Beoplay%20H8&_udlo=180&_saact=1&LH_AvailTo=1&_sop=15&rt=nc found rank=0, CURRENCY_CODE=USD
2024-09-13T00:14:34.659Z info: Scraped data has been perssited locally
2024-09-13T00:14:34.660Z info: Sending the scraped data to the api/v1/send endpoint...
2024-09-13T00:14:34.690Z info: Preparing CSV from the provided data...
2024-09-13T00:14:34.695Z info: CSV file written to C:\Users\user\AppData\Local\Temp\data-1726186474691.csv
2024-09-13T00:14:37.368Z error: Error occurred while sending the email The "chunk" argument must be of type string or an instance of Buffer or Uint8Array. Received an instance of Object
2024-09-13T00:14:37.376Z error: Error occurred while sending the scraped data: Request failed with status code 500
2024-09-13T00:19:55.828Z info: Received upload request...
2024-09-13T00:19:55.830Z info: Request validated, proceeding with file processing...
2024-09-13T00:19:55.833Z info: Saved CSV file to C:\Users\user\builds\business\upwork\yoshi\ebay-rank-checker\uploads\Copy of Examples for I_O - eBay Rank Checker - Input.csv
2024-09-13T00:19:55.835Z info: Sending file path, email, and store name to api/v1/scrape...
2024-09-13T00:19:57.904Z info: Recieved a sraping request...
2024-09-13T00:19:57.931Z info: Scraping using the proxy server: http://1dfb7d786e984316befd2ca4c014e72439151076a05:render=false&super=true&geoCode=us@proxy.scrape.do:8080
2024-09-13T00:20:00.400Z info: Recieved a scraping request, proceeding...
2024-09-13T00:20:00.722Z info: Scraping ebay URL: https://www.ebay.com/sch/i.html?_from=R40&_nkw=YAESU+FT-991A&_udlo=100&_sop=15&_oac=1&rt=nc&LH_ItemCondition=4
2024-09-13T00:20:07.441Z info: Found the rank of chubasco45  for the product YAESU FT-991A at rank=0
2024-09-13T00:20:07.461Z info: Found the currnecy code of the product "YAESU FT-991A" to be CURRENCY= "USD",converted to => CURRENCY_CODE= "USD"
2024-09-13T00:20:07.515Z info: Finished scraping URL= https://www.ebay.com/sch/i.html?_from=R40&_nkw=YAESU+FT-991A&_udlo=100&_sop=15&_oac=1&rt=nc&LH_ItemCondition=4 found rank=0, CURRENCY_CODE=USD
2024-09-13T00:20:17.524Z info: Recieved a scraping request, proceeding...
2024-09-13T00:20:17.684Z info: Scraping ebay URL: https://www.ebay.com/sch/i.html?_from=R40&_nkw=ICOM+IC-703+-AT-180&_sacat=0&_udlo=100&_sop=15&rt=nc&LH_ItemCondition=4
2024-09-13T00:20:48.787Z error: Error scraping URL https://www.ebay.com/sch/i.html?_from=R40&_nkw=ICOM+IC-703+-AT-180&_sacat=0&_udlo=100&_sop=15&rt=nc&LH_ItemCondition=4: net::ERR_CONNECTION_TIMED_OUT at https://www.ebay.com/sch/i.html?_from=R40&_nkw=ICOM+IC-703+-AT-180&_sacat=0&_udlo=100&_sop=15&rt=nc&LH_ItemCondition=4
2024-09-13T00:20:58.837Z info: Recieved a scraping request, proceeding...
2024-09-13T00:20:58.996Z info: Scraping ebay URL: https://www.ebay.com/sch/i.html?_nkw=ICOM%20IC-746&_udlo=400&_saact=1&LH_AvailTo=1&_sop=15&_oac=1&rt=nc
2024-09-13T00:21:20.070Z error: Error scraping URL https://www.ebay.com/sch/i.html?_nkw=ICOM%20IC-746&_udlo=400&_saact=1&LH_AvailTo=1&_sop=15&_oac=1&rt=nc: net::ERR_CONNECTION_TIMED_OUT at https://www.ebay.com/sch/i.html?_nkw=ICOM%20IC-746&_udlo=400&_saact=1&LH_AvailTo=1&_sop=15&_oac=1&rt=nc
2024-09-13T00:21:30.118Z info: Recieved a scraping request, proceeding...
2024-09-13T00:21:30.268Z info: Scraping ebay URL: https://www.ebay.com/sch/i.html?_nkw=Bang%20Olufsen%20Beoplay%20H8&_udlo=180&_saact=1&LH_AvailTo=1&_sop=15&rt=nc
2024-09-13T00:21:51.502Z error: Error scraping URL https://www.ebay.com/sch/i.html?_nkw=Bang%20Olufsen%20Beoplay%20H8&_udlo=180&_saact=1&LH_AvailTo=1&_sop=15&rt=nc: net::ERR_CONNECTION_TIMED_OUT at https://www.ebay.com/sch/i.html?_nkw=Bang%20Olufsen%20Beoplay%20H8&_udlo=180&_saact=1&LH_AvailTo=1&_sop=15&rt=nc
2024-09-13T00:22:02.474Z info: Scraped data has been perssited locally
2024-09-13T00:22:02.475Z info: Sending the scraped data to the api/v1/send endpoint...
2024-09-13T00:22:25.034Z error: Error occurred while sending the scraped data: Request failed with status code 500
2024-09-13T00:22:25.055Z error: Error sending data to scrape API: AxiosError: Request failed with status code 500
2024-09-13T00:26:31.135Z info: Received upload request...
2024-09-13T00:26:31.139Z info: Request validated, proceeding with file processing...
2024-09-13T00:26:31.142Z info: Saved CSV file to C:\Users\user\builds\business\upwork\yoshi\ebay-rank-checker\uploads\Copy of Examples for I_O - eBay Rank Checker - Input.csv
2024-09-13T00:26:31.147Z info: Sending file path, email, and store name to api/v1/scrape...
2024-09-13T00:26:34.538Z info: Recieved a sraping request...
2024-09-13T00:26:34.562Z info: Scraping using the proxy server: http://1dfb7d786e984316befd2ca4c014e72439151076a05:render=false&super=true&geoCode=us@proxy.scrape.do:8080
2024-09-13T00:26:35.507Z info: Recieved a scraping request, proceeding...
2024-09-13T00:26:35.886Z info: Scraping ebay URL: https://www.ebay.com/sch/i.html?_from=R40&_nkw=YAESU+FT-991A&_udlo=100&_sop=15&_oac=1&rt=nc&LH_ItemCondition=4
2024-09-13T00:26:42.875Z info: Found the rank of chubasco45  for the product YAESU FT-991A at rank=0
2024-09-13T00:26:42.883Z info: Found the currnecy code of the product "YAESU FT-991A" to be CURRENCY= "USD",converted to => CURRENCY_CODE= "USD"
2024-09-13T00:26:42.939Z info: Finished scraping URL= https://www.ebay.com/sch/i.html?_from=R40&_nkw=YAESU+FT-991A&_udlo=100&_sop=15&_oac=1&rt=nc&LH_ItemCondition=4 found rank=0, CURRENCY_CODE=USD
2024-09-13T00:26:52.949Z info: Recieved a scraping request, proceeding...
2024-09-13T00:26:53.109Z info: Scraping ebay URL: https://www.ebay.com/sch/i.html?_from=R40&_nkw=ICOM+IC-703+-AT-180&_sacat=0&_udlo=100&_sop=15&rt=nc&LH_ItemCondition=4
2024-09-13T00:26:54.724Z info: Found the rank of chubasco45  for the product ICOM IC-703 - full set at rank=0
2024-09-13T00:26:54.777Z info: Found the currnecy code of the product "ICOM IC-703 - full set" to be CURRENCY= "USD",converted to => CURRENCY_CODE= "USD"
2024-09-13T00:26:54.815Z info: Finished scraping URL= https://www.ebay.com/sch/i.html?_from=R40&_nkw=ICOM+IC-703+-AT-180&_sacat=0&_udlo=100&_sop=15&rt=nc&LH_ItemCondition=4 found rank=0, CURRENCY_CODE=USD
2024-09-13T00:27:04.826Z info: Recieved a scraping request, proceeding...
2024-09-13T00:27:04.978Z info: Scraping ebay URL: https://www.ebay.com/sch/i.html?_nkw=ICOM%20IC-746&_udlo=400&_saact=1&LH_AvailTo=1&_sop=15&_oac=1&rt=nc
2024-09-13T00:27:06.888Z info: Found the rank of chubasco45  for the product ICOM IC-746 at rank=0
2024-09-13T00:27:06.933Z info: Found the currnecy code of the product "ICOM IC-746" to be CURRENCY= "USD",converted to => CURRENCY_CODE= "USD"
2024-09-13T00:27:06.972Z info: Finished scraping URL= https://www.ebay.com/sch/i.html?_nkw=ICOM%20IC-746&_udlo=400&_saact=1&LH_AvailTo=1&_sop=15&_oac=1&rt=nc found rank=0, CURRENCY_CODE=USD
2024-09-13T00:27:16.980Z info: Recieved a scraping request, proceeding...
2024-09-13T00:27:17.146Z info: Scraping ebay URL: https://www.ebay.com/sch/i.html?_nkw=Bang%20Olufsen%20Beoplay%20H8&_udlo=180&_saact=1&LH_AvailTo=1&_sop=15&rt=nc
2024-09-13T00:27:18.577Z info: Found the rank of chubasco45  for the product Bang Olufsen Beoplay H8 at rank=0
2024-09-13T00:27:18.586Z info: Found the currnecy code of the product "Bang Olufsen Beoplay H8" to be CURRENCY= "USD",converted to => CURRENCY_CODE= "USD"
2024-09-13T00:27:18.629Z info: Finished scraping URL= https://www.ebay.com/sch/i.html?_nkw=Bang%20Olufsen%20Beoplay%20H8&_udlo=180&_saact=1&LH_AvailTo=1&_sop=15&rt=nc found rank=0, CURRENCY_CODE=USD
2024-09-13T00:27:30.656Z info: Scraped data has been perssited locally
2024-09-13T00:27:30.657Z info: Sending the scraped data to the api/v1/send endpoint...
2024-09-13T00:27:31.903Z info: Preparing CSV from the provided data...
2024-09-13T00:27:31.987Z info: CSV file written to C:\Users\user\AppData\Local\Temp\data-1726187251907.csv
2024-09-13T00:27:31.989Z error: Error occurred while sending the email Email template did not return a string
2024-09-13T00:27:32.009Z error: Error occurred while sending the scraped data: Request failed with status code 500
2024-09-13T00:27:32.028Z error: Error sending data to scrape API: AxiosError: Request failed with status code 500
2024-09-13T00:31:55.371Z info: Received upload request...
2024-09-13T00:31:55.373Z info: Request validated, proceeding with file processing...
2024-09-13T00:31:55.376Z info: Saved CSV file to C:\Users\user\builds\business\upwork\yoshi\ebay-rank-checker\uploads\Copy of Examples for I_O - eBay Rank Checker - Input.csv
2024-09-13T00:31:55.380Z info: Sending file path, email, and store name to api/v1/scrape...
2024-09-13T00:31:58.144Z error: Error sending data to scrape API: AxiosError: Request failed with status code 500
2024-09-13T00:34:35.830Z info: Received upload request...
2024-09-13T00:34:35.834Z info: Request validated, proceeding with file processing...
2024-09-13T00:34:35.836Z info: Saved CSV file to C:\Users\user\builds\business\upwork\yoshi\ebay-rank-checker\uploads\Copy of Examples for I_O - eBay Rank Checker - Input.csv
2024-09-13T00:34:35.839Z info: Sending file path, email, and store name to api/v1/scrape...
2024-09-13T00:34:38.102Z info: Recieved a sraping request...
2024-09-13T00:34:38.132Z info: Scraping using the proxy server: http://1dfb7d786e984316befd2ca4c014e72439151076a05:render=false&super=true&geoCode=us@proxy.scrape.do:8080
2024-09-13T00:34:39.376Z info: Recieved a scraping request, proceeding...
2024-09-13T00:34:39.992Z info: Scraping ebay URL: https://www.ebay.com/sch/i.html?_from=R40&_nkw=YAESU+FT-991A&_udlo=100&_sop=15&_oac=1&rt=nc&LH_ItemCondition=4
2024-09-13T00:34:45.931Z info: Found the rank of chubasco45  for the product YAESU FT-991A at rank=0
2024-09-13T00:34:45.944Z info: Found the currnecy code of the product "YAESU FT-991A" to be CURRENCY= "USD",converted to => CURRENCY_CODE= "USD"
2024-09-13T00:34:46.000Z info: Finished scraping URL= https://www.ebay.com/sch/i.html?_from=R40&_nkw=YAESU+FT-991A&_udlo=100&_sop=15&_oac=1&rt=nc&LH_ItemCondition=4 found rank=0, CURRENCY_CODE=USD
2024-09-13T00:34:56.007Z info: Recieved a scraping request, proceeding...
2024-09-13T00:34:56.169Z info: Scraping ebay URL: https://www.ebay.com/sch/i.html?_from=R40&_nkw=ICOM+IC-703+-AT-180&_sacat=0&_udlo=100&_sop=15&rt=nc&LH_ItemCondition=4
2024-09-13T00:34:57.545Z info: Found the rank of chubasco45  for the product ICOM IC-703 - full set at rank=0
2024-09-13T00:34:57.558Z info: Found the currnecy code of the product "ICOM IC-703 - full set" to be CURRENCY= "USD",converted to => CURRENCY_CODE= "USD"
2024-09-13T00:34:57.641Z info: Finished scraping URL= https://www.ebay.com/sch/i.html?_from=R40&_nkw=ICOM+IC-703+-AT-180&_sacat=0&_udlo=100&_sop=15&rt=nc&LH_ItemCondition=4 found rank=0, CURRENCY_CODE=USD
2024-09-13T00:35:07.648Z info: Recieved a scraping request, proceeding...
2024-09-13T00:35:07.803Z info: Scraping ebay URL: https://www.ebay.com/sch/i.html?_nkw=ICOM%20IC-746&_udlo=400&_saact=1&LH_AvailTo=1&_sop=15&_oac=1&rt=nc
2024-09-13T00:35:09.509Z info: Found the rank of chubasco45  for the product ICOM IC-746 at rank=0
2024-09-13T00:35:09.523Z info: Found the currnecy code of the product "ICOM IC-746" to be CURRENCY= "USD",converted to => CURRENCY_CODE= "USD"
2024-09-13T00:35:09.594Z info: Finished scraping URL= https://www.ebay.com/sch/i.html?_nkw=ICOM%20IC-746&_udlo=400&_saact=1&LH_AvailTo=1&_sop=15&_oac=1&rt=nc found rank=0, CURRENCY_CODE=USD
2024-09-13T00:35:19.600Z info: Recieved a scraping request, proceeding...
2024-09-13T00:35:19.740Z info: Scraping ebay URL: https://www.ebay.com/sch/i.html?_nkw=Bang%20Olufsen%20Beoplay%20H8&_udlo=180&_saact=1&LH_AvailTo=1&_sop=15&rt=nc
2024-09-13T00:35:22.347Z info: Found the rank of chubasco45  for the product Bang Olufsen Beoplay H8 at rank=0
2024-09-13T00:35:22.360Z info: Found the currnecy code of the product "Bang Olufsen Beoplay H8" to be CURRENCY= "USD",converted to => CURRENCY_CODE= "USD"
2024-09-13T00:35:22.427Z info: Finished scraping URL= https://www.ebay.com/sch/i.html?_nkw=Bang%20Olufsen%20Beoplay%20H8&_udlo=180&_saact=1&LH_AvailTo=1&_sop=15&rt=nc found rank=0, CURRENCY_CODE=USD
2024-09-13T00:35:33.776Z info: Scraped data has been perssited locally
2024-09-13T00:35:33.777Z info: Sending the scraped data to the api/v1/send endpoint...
2024-09-13T00:35:38.012Z error: Error occurred while sending the scraped data: Request failed with status code 500
2024-09-13T00:35:38.027Z error: Error sending data to scrape API: AxiosError: Request failed with status code 500
2024-09-13T00:39:07.821Z info: Received upload request...
2024-09-13T00:39:07.823Z info: Request validated, proceeding with file processing...
2024-09-13T00:39:07.825Z info: Saved CSV file to C:\Users\user\builds\business\upwork\yoshi\ebay-rank-checker\uploads\Copy of Examples for I_O - eBay Rank Checker - Input.csv
2024-09-13T00:39:07.827Z info: Sending file path, email, and store name to api/v1/scrape...
2024-09-13T00:39:12.548Z error: Error sending data to scrape API: AxiosError: Request failed with status code 500
2024-09-13T00:42:30.144Z info: Received upload request...
2024-09-13T00:42:30.146Z info: Request validated, proceeding with file processing...
2024-09-13T00:42:30.148Z info: Saved CSV file to C:\Users\user\builds\business\upwork\yoshi\ebay-rank-checker\uploads\Copy of Examples for I_O - eBay Rank Checker - Input.csv
2024-09-13T00:42:30.150Z info: Sending file path, email, and store name to api/v1/scrape...
2024-09-13T00:42:39.124Z error: Error sending data to scrape API: AxiosError: Request failed with status code 500
2024-09-13T00:46:08.815Z info: Received upload request...
2024-09-13T00:46:08.817Z info: Request validated, proceeding with file processing...
2024-09-13T00:46:08.820Z info: Saved CSV file to C:\Users\user\builds\business\upwork\yoshi\ebay-rank-checker\uploads\Copy of Examples for I_O - eBay Rank Checker - Input.csv
2024-09-13T00:46:08.822Z info: Sending file path, email, and store name to api/v1/scrape...
2024-09-13T00:46:14.559Z info: Recieved a sraping request...
2024-09-13T00:46:14.577Z info: Scraping using the proxy server: http://1dfb7d786e984316befd2ca4c014e72439151076a05:render=false&super=true&geoCode=us@proxy.scrape.do:8080
2024-09-13T00:46:17.434Z info: Recieved a scraping request, proceeding...
2024-09-13T00:46:18.205Z info: Scraping ebay URL: https://www.ebay.com/sch/i.html?_from=R40&_nkw=YAESU+FT-991A&_udlo=100&_sop=15&_oac=1&rt=nc&LH_ItemCondition=4
2024-09-13T00:46:23.136Z info: Found the rank of chubasco45  for the product YAESU FT-991A at rank=0
2024-09-13T00:46:23.164Z info: Found the currnecy code of the product "YAESU FT-991A" to be CURRENCY= "$",converted to => CURRENCY_CODE= "USD"
2024-09-13T00:46:23.256Z info: Finished scraping URL= https://www.ebay.com/sch/i.html?_from=R40&_nkw=YAESU+FT-991A&_udlo=100&_sop=15&_oac=1&rt=nc&LH_ItemCondition=4 found rank=0, CURRENCY_CODE=USD
2024-09-13T00:46:33.263Z info: Recieved a scraping request, proceeding...
2024-09-13T00:46:33.399Z info: Scraping ebay URL: https://www.ebay.com/sch/i.html?_from=R40&_nkw=ICOM+IC-703+-AT-180&_sacat=0&_udlo=100&_sop=15&rt=nc&LH_ItemCondition=4
2024-09-13T00:46:34.876Z info: Found the rank of chubasco45  for the product ICOM IC-703 - full set at rank=0
2024-09-13T00:46:34.922Z info: Found the currnecy code of the product "ICOM IC-703 - full set" to be CURRENCY= "$",converted to => CURRENCY_CODE= "USD"
2024-09-13T00:46:34.977Z info: Finished scraping URL= https://www.ebay.com/sch/i.html?_from=R40&_nkw=ICOM+IC-703+-AT-180&_sacat=0&_udlo=100&_sop=15&rt=nc&LH_ItemCondition=4 found rank=0, CURRENCY_CODE=USD
2024-09-13T00:46:44.991Z info: Recieved a scraping request, proceeding...
2024-09-13T00:46:45.145Z info: Scraping ebay URL: https://www.ebay.com/sch/i.html?_nkw=ICOM%20IC-746&_udlo=400&_saact=1&LH_AvailTo=1&_sop=15&_oac=1&rt=nc
2024-09-13T00:46:46.981Z info: Found the rank of chubasco45  for the product ICOM IC-746 at rank=0
2024-09-13T00:46:46.991Z info: Found the currnecy code of the product "ICOM IC-746" to be CURRENCY= "$",converted to => CURRENCY_CODE= "USD"
2024-09-13T00:46:47.082Z info: Finished scraping URL= https://www.ebay.com/sch/i.html?_nkw=ICOM%20IC-746&_udlo=400&_saact=1&LH_AvailTo=1&_sop=15&_oac=1&rt=nc found rank=0, CURRENCY_CODE=USD
2024-09-13T00:46:57.094Z info: Recieved a scraping request, proceeding...
2024-09-13T00:46:57.251Z info: Scraping ebay URL: https://www.ebay.com/sch/i.html?_nkw=Bang%20Olufsen%20Beoplay%20H8&_udlo=180&_saact=1&LH_AvailTo=1&_sop=15&rt=nc
2024-09-13T00:46:58.698Z info: Found the rank of chubasco45  for the product Bang Olufsen Beoplay H8 at rank=0
2024-09-13T00:46:58.745Z info: Found the currnecy code of the product "Bang Olufsen Beoplay H8" to be CURRENCY= "$",converted to => CURRENCY_CODE= "USD"
2024-09-13T00:46:58.788Z info: Finished scraping URL= https://www.ebay.com/sch/i.html?_nkw=Bang%20Olufsen%20Beoplay%20H8&_udlo=180&_saact=1&LH_AvailTo=1&_sop=15&rt=nc found rank=0, CURRENCY_CODE=USD
2024-09-13T00:47:10.685Z info: Scraped data has been perssited locally
2024-09-13T00:47:10.687Z info: Sending the scraped data to the api/v1/send endpoint...
2024-09-13T00:47:11.656Z info: Preparing CSV from the provided data...
2024-09-13T00:47:11.661Z info: CSV file written to C:\Users\user\AppData\Local\Temp\data-1726188431659.csv
2024-09-13T00:47:14.844Z error: Error occurred while sending the email Can't send mail - all recipients were rejected: 554 5.7.1 Demo domains can only be used to send emails to account owners. You can only send testing emails to your own email address.
2024-09-13T00:47:14.863Z error: Error occurred while sending the scraped data: Request failed with status code 500
2024-09-13T00:47:14.873Z error: Error sending data to scrape API: AxiosError: Request failed with status code 500
2024-09-13T00:52:43.923Z info: Received upload request...
2024-09-13T00:52:43.925Z info: Request validated, proceeding with file processing...
2024-09-13T00:52:43.927Z info: Saved CSV file to C:\Users\user\builds\business\upwork\yoshi\ebay-rank-checker\uploads\Copy of Examples for I_O - eBay Rank Checker - Input.csv
2024-09-13T00:52:43.929Z info: Sending file path, email, and store name to api/v1/scrape...
2024-09-13T00:52:46.448Z info: Recieved a sraping request...
2024-09-13T00:52:46.475Z info: Scraping using the proxy server: http://1dfb7d786e984316befd2ca4c014e72439151076a05:render=false&super=true&geoCode=us@proxy.scrape.do:8080
2024-09-13T00:52:48.578Z info: Recieved a scraping request, proceeding...
2024-09-13T00:52:49.121Z info: Scraping ebay URL: https://www.ebay.com/sch/i.html?_from=R40&_nkw=YAESU+FT-991A&_udlo=100&_sop=15&_oac=1&rt=nc&LH_ItemCondition=4
2024-09-13T00:52:54.596Z info: Found the rank of chubasco45  for the product YAESU FT-991A at rank=0
2024-09-13T00:52:54.612Z info: Found the currnecy code of the product "YAESU FT-991A" to be CURRENCY= "$",converted to => CURRENCY_CODE= "USD"
2024-09-13T00:52:54.662Z info: Finished scraping URL= https://www.ebay.com/sch/i.html?_from=R40&_nkw=YAESU+FT-991A&_udlo=100&_sop=15&_oac=1&rt=nc&LH_ItemCondition=4 found rank=0, CURRENCY_CODE=USD
2024-09-13T00:53:04.670Z info: Recieved a scraping request, proceeding...
2024-09-13T00:53:04.868Z info: Scraping ebay URL: https://www.ebay.com/sch/i.html?_from=R40&_nkw=ICOM+IC-703+-AT-180&_sacat=0&_udlo=100&_sop=15&rt=nc&LH_ItemCondition=4
2024-09-13T00:53:06.677Z info: Found the rank of chubasco45  for the product ICOM IC-703 - full set at rank=0
2024-09-13T00:53:06.684Z info: Found the currnecy code of the product "ICOM IC-703 - full set" to be CURRENCY= "$",converted to => CURRENCY_CODE= "USD"
2024-09-13T00:53:06.739Z info: Finished scraping URL= https://www.ebay.com/sch/i.html?_from=R40&_nkw=ICOM+IC-703+-AT-180&_sacat=0&_udlo=100&_sop=15&rt=nc&LH_ItemCondition=4 found rank=0, CURRENCY_CODE=USD
2024-09-13T00:53:16.740Z info: Recieved a scraping request, proceeding...
2024-09-13T00:53:16.926Z info: Scraping ebay URL: https://www.ebay.com/sch/i.html?_nkw=ICOM%20IC-746&_udlo=400&_saact=1&LH_AvailTo=1&_sop=15&_oac=1&rt=nc
2024-09-13T00:53:19.424Z info: Found the rank of chubasco45  for the product ICOM IC-746 at rank=0
2024-09-13T00:53:19.438Z info: Found the currnecy code of the product "ICOM IC-746" to be CURRENCY= "$",converted to => CURRENCY_CODE= "USD"
2024-09-13T00:53:19.502Z info: Finished scraping URL= https://www.ebay.com/sch/i.html?_nkw=ICOM%20IC-746&_udlo=400&_saact=1&LH_AvailTo=1&_sop=15&_oac=1&rt=nc found rank=0, CURRENCY_CODE=USD
2024-09-13T00:53:29.510Z info: Recieved a scraping request, proceeding...
2024-09-13T00:53:29.643Z info: Scraping ebay URL: https://www.ebay.com/sch/i.html?_nkw=Bang%20Olufsen%20Beoplay%20H8&_udlo=180&_saact=1&LH_AvailTo=1&_sop=15&rt=nc
2024-09-13T00:53:31.201Z info: Found the rank of chubasco45  for the product Bang Olufsen Beoplay H8 at rank=0
2024-09-13T00:53:31.225Z info: Found the currnecy code of the product "Bang Olufsen Beoplay H8" to be CURRENCY= "$",converted to => CURRENCY_CODE= "USD"
2024-09-13T00:53:31.290Z info: Finished scraping URL= https://www.ebay.com/sch/i.html?_nkw=Bang%20Olufsen%20Beoplay%20H8&_udlo=180&_saact=1&LH_AvailTo=1&_sop=15&rt=nc found rank=0, CURRENCY_CODE=USD
2024-09-13T00:53:42.557Z info: Scraped data has been perssited locally
2024-09-13T00:53:42.559Z info: Sending the scraped data to the api/v1/send endpoint...
2024-09-13T00:53:43.967Z info: Preparing CSV from the provided data...
2024-09-13T00:53:43.980Z info: CSV file written to C:\Users\user\AppData\Local\Temp\data-1726188823970.csv
2024-09-13T00:53:48.926Z info: Email with CSV sent successfully
2024-09-13T00:53:48.928Z info: Temporary CSV file C:\Users\user\AppData\Local\Temp\data-1726188823970.csv deleted
2024-09-13T00:53:48.942Z error: Error occurred while sending the scraped data: Request failed with status code 500
2024-09-13T00:53:48.950Z error: Error sending data to scrape API: AxiosError: Request failed with status code 500
2024-09-13T00:55:14.114Z info: Received upload request...
2024-09-13T00:55:14.115Z info: Request validated, proceeding with file processing...
2024-09-13T00:55:14.117Z info: Saved CSV file to C:\Users\user\builds\business\upwork\yoshi\ebay-rank-checker\uploads\Copy of Examples for I_O - eBay Rank Checker - Input.csv
2024-09-13T00:55:14.119Z info: Sending file path, email, and store name to api/v1/scrape...
2024-09-13T00:55:15.414Z info: Recieved a sraping request...
2024-09-13T00:55:15.433Z info: Scraping using the proxy server: http://1dfb7d786e984316befd2ca4c014e72439151076a05:render=false&super=true&geoCode=us@proxy.scrape.do:8080
2024-09-13T00:55:16.933Z info: Recieved a scraping request, proceeding...
2024-09-13T00:55:17.922Z info: Scraping ebay URL: https://www.ebay.com/sch/i.html?_from=R40&_nkw=YAESU+FT-991A&_udlo=100&_sop=15&_oac=1&rt=nc&LH_ItemCondition=4
2024-09-13T00:55:23.475Z info: Found the rank of chubasco45  for the product YAESU FT-991A at rank=0
2024-09-13T00:55:23.485Z info: Found the currnecy code of the product "YAESU FT-991A" to be CURRENCY= "$",converted to => CURRENCY_CODE= "USD"
2024-09-13T00:55:23.545Z info: Finished scraping URL= https://www.ebay.com/sch/i.html?_from=R40&_nkw=YAESU+FT-991A&_udlo=100&_sop=15&_oac=1&rt=nc&LH_ItemCondition=4 found rank=0, CURRENCY_CODE=USD
2024-09-13T00:55:33.570Z info: Recieved a scraping request, proceeding...
2024-09-13T00:55:33.899Z info: Scraping ebay URL: https://www.ebay.com/sch/i.html?_from=R40&_nkw=ICOM+IC-703+-AT-180&_sacat=0&_udlo=100&_sop=15&rt=nc&LH_ItemCondition=4
2024-09-13T00:55:35.308Z info: Found the rank of chubasco45  for the product ICOM IC-703 - full set at rank=0
2024-09-13T00:55:35.325Z info: Found the currnecy code of the product "ICOM IC-703 - full set" to be CURRENCY= "$",converted to => CURRENCY_CODE= "USD"
2024-09-13T00:55:35.371Z info: Finished scraping URL= https://www.ebay.com/sch/i.html?_from=R40&_nkw=ICOM+IC-703+-AT-180&_sacat=0&_udlo=100&_sop=15&rt=nc&LH_ItemCondition=4 found rank=0, CURRENCY_CODE=USD
2024-09-13T00:55:45.382Z info: Recieved a scraping request, proceeding...
2024-09-13T00:55:45.545Z info: Scraping ebay URL: https://www.ebay.com/sch/i.html?_nkw=ICOM%20IC-746&_udlo=400&_saact=1&LH_AvailTo=1&_sop=15&_oac=1&rt=nc
2024-09-13T00:55:47.002Z info: Found the rank of chubasco45  for the product ICOM IC-746 at rank=0
2024-09-13T00:55:47.046Z info: Found the currnecy code of the product "ICOM IC-746" to be CURRENCY= "$",converted to => CURRENCY_CODE= "USD"
2024-09-13T00:55:47.091Z info: Finished scraping URL= https://www.ebay.com/sch/i.html?_nkw=ICOM%20IC-746&_udlo=400&_saact=1&LH_AvailTo=1&_sop=15&_oac=1&rt=nc found rank=0, CURRENCY_CODE=USD
2024-09-13T00:55:57.099Z info: Recieved a scraping request, proceeding...
2024-09-13T00:55:57.358Z info: Scraping ebay URL: https://www.ebay.com/sch/i.html?_nkw=Bang%20Olufsen%20Beoplay%20H8&_udlo=180&_saact=1&LH_AvailTo=1&_sop=15&rt=nc
2024-09-13T00:55:59.345Z info: Found the rank of chubasco45  for the product Bang Olufsen Beoplay H8 at rank=0
2024-09-13T00:55:59.360Z info: Found the currnecy code of the product "Bang Olufsen Beoplay H8" to be CURRENCY= "$",converted to => CURRENCY_CODE= "USD"
2024-09-13T00:55:59.417Z info: Finished scraping URL= https://www.ebay.com/sch/i.html?_nkw=Bang%20Olufsen%20Beoplay%20H8&_udlo=180&_saact=1&LH_AvailTo=1&_sop=15&rt=nc found rank=0, CURRENCY_CODE=USD
2024-09-13T00:56:12.633Z info: Scraped data has been perssited locally
2024-09-13T00:56:12.634Z info: Sending the scraped data to the api/v1/send endpoint...
2024-09-13T00:56:13.098Z info: Preparing CSV from the provided data...
2024-09-13T00:56:13.104Z info: CSV file written to C:\Users\user\AppData\Local\Temp\data-1726188973099.csv
2024-09-13T00:56:17.096Z info: Email with CSV sent successfully
2024-09-13T00:56:17.097Z info: Temporary CSV file C:\Users\user\AppData\Local\Temp\data-1726188973099.csv deleted
2024-09-13T00:56:17.107Z error: Error occurred while sending the scraped data: Request failed with status code 500
2024-09-13T00:56:17.113Z error: Error sending data to scrape API: AxiosError: Request failed with status code 500
2024-09-13T01:02:29.194Z info: Received upload request...
2024-09-13T01:02:29.216Z info: Request validated, proceeding with file processing...
2024-09-13T01:02:29.232Z info: Saved CSV file to C:\Users\user\builds\business\upwork\yoshi\ebay-rank-checker\uploads\Copy of Examples for I_O - eBay Rank Checker - Input.csv
2024-09-13T01:02:29.234Z info: Sending file path, email, and store name to api/v1/scrape...
2024-09-13T01:02:31.305Z info: Recieved a sraping request...
2024-09-13T01:02:31.409Z info: Scraping using the proxy server: http://1dfb7d786e984316befd2ca4c014e72439151076a05:render=false&super=true&geoCode=us@proxy.scrape.do:8080
2024-09-13T01:02:34.118Z info: Recieved a scraping request, proceeding...
2024-09-13T01:02:34.779Z info: Scraping ebay URL: https://www.ebay.com/sch/i.html?_from=R40&_nkw=YAESU+FT-991A&_udlo=100&_sop=15&_oac=1&rt=nc&LH_ItemCondition=4
2024-09-13T01:02:41.454Z info: Found the rank of chubasco45  for the product YAESU FT-991A at rank=0
2024-09-13T01:02:41.473Z info: Found the currnecy code of the product "YAESU FT-991A" to be CURRENCY= "$",converted to => CURRENCY_CODE= "USD"
2024-09-13T01:02:41.519Z info: Finished scraping URL= https://www.ebay.com/sch/i.html?_from=R40&_nkw=YAESU+FT-991A&_udlo=100&_sop=15&_oac=1&rt=nc&LH_ItemCondition=4 found rank=0, CURRENCY_CODE=USD
2024-09-13T01:02:51.531Z info: Recieved a scraping request, proceeding...
2024-09-13T01:02:51.692Z info: Scraping ebay URL: https://www.ebay.com/sch/i.html?_from=R40&_nkw=ICOM+IC-703+-AT-180&_sacat=0&_udlo=100&_sop=15&rt=nc&LH_ItemCondition=4
2024-09-13T01:02:54.082Z info: Found the rank of chubasco45  for the product ICOM IC-703 - full set at rank=0
2024-09-13T01:02:54.090Z info: Found the currnecy code of the product "ICOM IC-703 - full set" to be CURRENCY= "$",converted to => CURRENCY_CODE= "USD"
2024-09-13T01:02:54.156Z info: Finished scraping URL= https://www.ebay.com/sch/i.html?_from=R40&_nkw=ICOM+IC-703+-AT-180&_sacat=0&_udlo=100&_sop=15&rt=nc&LH_ItemCondition=4 found rank=0, CURRENCY_CODE=USD
2024-09-13T01:03:04.171Z info: Recieved a scraping request, proceeding...
2024-09-13T01:03:04.330Z info: Scraping ebay URL: https://www.ebay.com/sch/i.html?_nkw=ICOM%20IC-746&_udlo=400&_saact=1&LH_AvailTo=1&_sop=15&_oac=1&rt=nc
2024-09-13T01:03:07.176Z info: Found the rank of chubasco45  for the product ICOM IC-746 at rank=0
2024-09-13T01:03:07.184Z info: Found the currnecy code of the product "ICOM IC-746" to be CURRENCY= "$",converted to => CURRENCY_CODE= "USD"
2024-09-13T01:03:07.223Z info: Finished scraping URL= https://www.ebay.com/sch/i.html?_nkw=ICOM%20IC-746&_udlo=400&_saact=1&LH_AvailTo=1&_sop=15&_oac=1&rt=nc found rank=0, CURRENCY_CODE=USD
2024-09-13T01:03:17.232Z info: Recieved a scraping request, proceeding...
2024-09-13T01:03:17.395Z info: Scraping ebay URL: https://www.ebay.com/sch/i.html?_nkw=Bang%20Olufsen%20Beoplay%20H8&_udlo=180&_saact=1&LH_AvailTo=1&_sop=15&rt=nc
2024-09-13T01:03:18.873Z info: Found the rank of chubasco45  for the product Bang Olufsen Beoplay H8 at rank=0
2024-09-13T01:03:18.882Z info: Found the currnecy code of the product "Bang Olufsen Beoplay H8" to be CURRENCY= "$",converted to => CURRENCY_CODE= "USD"
2024-09-13T01:03:18.924Z info: Finished scraping URL= https://www.ebay.com/sch/i.html?_nkw=Bang%20Olufsen%20Beoplay%20H8&_udlo=180&_saact=1&LH_AvailTo=1&_sop=15&rt=nc found rank=0, CURRENCY_CODE=USD
2024-09-13T01:03:29.972Z info: Scraped data has been perssited locally
2024-09-13T01:03:29.973Z info: Sending the scraped data to the api/v1/send endpoint...
2024-09-13T01:03:31.441Z info: Preparing CSV from the provided data...
2024-09-13T01:03:31.447Z info: CSV file written to C:\Users\user\AppData\Local\Temp\data-1726189411444.csv
2024-09-13T01:03:35.523Z info: Email with CSV sent successfully
2024-09-13T01:03:35.525Z info: Temporary CSV file C:\Users\user\AppData\Local\Temp\data-1726189411444.csv deleted
2024-09-13T01:03:35.536Z info: Sent the scraped data to the send endpoint, proceedin`1  ` 1g...
2024-09-13T01:03:35.538Z info: File sent to the user email successfully, proceeding...
2024-09-13T01:03:35.547Z info: Data sent to scrape API successfully
2024-09-17T12:58:44.887Z info: Received upload request...
2024-09-17T12:58:44.893Z info: Request validated, proceeding with file processing...
2024-09-17T12:58:44.897Z info: Saved CSV file to C:\Users\user\builds\business\upwork\yoshi\ebay-rank-checker\uploads\Copy of Examples for I_O - eBay Rank Checker - Input.csv
2024-09-17T12:58:44.900Z info: Sending file path, email, and store name to api/v1/scrape...
2024-09-17T12:59:04.257Z info: Recieved a sraping request...
2024-09-17T12:59:04.398Z info: Scraping using the proxy server: http://1dfb7d786e984316befd2ca4c014e72439151076a05:render=false&super=true&geoCode=us@proxy.scrape.do:8080
2024-09-17T12:59:17.209Z info: Recieved a scraping request, proceeding...
2024-09-17T12:59:19.858Z info: Scraping ebay URL: https://www.ebay.com/sch/i.html?_from=R40&_nkw=YAESU+FT-991A&_udlo=100&_sop=15&_oac=1&rt=nc&LH_ItemCondition=4
2024-09-17T12:59:45.518Z info: Found the rank of "convenience_japan " for the product "YAESU FT-991A" at rank=0
2024-09-17T12:59:45.530Z info: Found the currnecy code of the product "YAESU FT-991A" to be CURRENCY= "$",converted to => CURRENCY_CODE= "USD"
2024-09-17T12:59:46.328Z info: Finished scraping URL= https://www.ebay.com/sch/i.html?_from=R40&_nkw=YAESU+FT-991A&_udlo=100&_sop=15&_oac=1&rt=nc&LH_ItemCondition=4 found rank=0, CURRENCY_CODE=USD
2024-09-17T12:59:56.338Z info: Recieved a scraping request, proceeding...
2024-09-17T12:59:56.507Z info: Scraping ebay URL: https://www.ebay.com/sch/i.html?_from=R40&_nkw=ICOM+IC-703+-AT-180&_sacat=0&_udlo=100&_sop=15&rt=nc&LH_ItemCondition=4
2024-09-17T12:59:57.695Z info: Found the rank of "convenience_japan " for the product "ICOM IC-703 - full set" at rank=0
2024-09-17T12:59:57.710Z info: Found the currnecy code of the product "ICOM IC-703 - full set" to be CURRENCY= "$",converted to => CURRENCY_CODE= "USD"
2024-09-17T12:59:57.764Z info: Finished scraping URL= https://www.ebay.com/sch/i.html?_from=R40&_nkw=ICOM+IC-703+-AT-180&_sacat=0&_udlo=100&_sop=15&rt=nc&LH_ItemCondition=4 found rank=0, CURRENCY_CODE=USD
2024-09-17T13:00:07.768Z info: Recieved a scraping request, proceeding...
2024-09-17T13:00:07.925Z info: Scraping ebay URL: https://www.ebay.com/sch/i.html?_nkw=ICOM%20IC-746&_udlo=400&_saact=1&LH_AvailTo=1&_sop=15&_oac=1&rt=nc
2024-09-17T13:00:09.924Z info: Found the rank of "convenience_japan " for the product "ICOM IC-746" at rank=0
2024-09-17T13:00:09.932Z info: Found the currnecy code of the product "ICOM IC-746" to be CURRENCY= "$",converted to => CURRENCY_CODE= "USD"
2024-09-17T13:00:10.017Z info: Finished scraping URL= https://www.ebay.com/sch/i.html?_nkw=ICOM%20IC-746&_udlo=400&_saact=1&LH_AvailTo=1&_sop=15&_oac=1&rt=nc found rank=0, CURRENCY_CODE=USD
2024-09-17T13:00:20.018Z info: Recieved a scraping request, proceeding...
2024-09-17T13:00:20.200Z info: Scraping ebay URL: https://www.ebay.com/sch/i.html?_nkw=Bang%20Olufsen%20Beoplay%20H8&_udlo=180&_saact=1&LH_AvailTo=1&_sop=15&rt=nc
2024-09-17T13:00:21.519Z info: Found the rank of "convenience_japan " for the product "Bang Olufsen Beoplay H8" at rank=0
2024-09-17T13:00:21.530Z info: Found the currnecy code of the product "Bang Olufsen Beoplay H8" to be CURRENCY= "$",converted to => CURRENCY_CODE= "USD"
2024-09-17T13:00:21.578Z info: Finished scraping URL= https://www.ebay.com/sch/i.html?_nkw=Bang%20Olufsen%20Beoplay%20H8&_udlo=180&_saact=1&LH_AvailTo=1&_sop=15&rt=nc found rank=0, CURRENCY_CODE=USD
2024-09-17T13:00:32.297Z info: Scraped data has been perssited locally
2024-09-17T13:00:32.299Z info: Sending the scraped data to the api/v1/send endpoint...
2024-09-17T13:00:33.124Z info: Preparing CSV from the provided data...
2024-09-17T13:00:33.213Z info: CSV file written to C:\Users\user\AppData\Local\Temp\data-1726578033127.csv
2024-09-17T13:00:37.604Z info: Email with CSV sent successfully
2024-09-17T13:00:37.612Z info: Temporary CSV file C:\Users\user\AppData\Local\Temp\data-1726578033127.csv deleted
2024-09-17T13:00:37.656Z info: Sent the scraped data to the send endpoint, proceedin`1  ` 1g...
2024-09-17T13:00:37.658Z info: File sent to the user email successfully, proceeding...
2024-09-17T13:00:37.676Z info: Data sent to scrape API successfully
